period=SecondHalf    | clock=  5s | score=B0/W0   | timeout=none         | conf_pause=none   | old?=N | pens=[]
period=SecondHalf    | clock=  4s | score=B0/W0   | timeout=none         | conf_pause=none   | old?=N | pens=[]
period=SecondHalf    | clock=  4s | score=B0/W0   | timeout=PenaltyShot:15s | conf_pause=none   | old?=N | pens=[]
period=SecondHalf    | clock=  3s | score=B0/W0   | timeout=PenaltyShot:14s | conf_pause=none   | old?=N | pens=[]
period=SecondHalf    | clock=  2s | score=B0/W0   | timeout=PenaltyShot:13s | conf_pause=none   | old?=N | pens=[]
period=SecondHalf    | clock=  1s | score=B0/W0   | timeout=PenaltyShot:12s | conf_pause=none   | old?=N | pens=[]
period=SecondHalf    | clock=  0s | score=B0/W0   | timeout=PenaltyShot:11s | conf_pause=none   | old?=N | pens=[]
period=SecondHalf    | clock=  0s | score=B0/W0   | timeout=PenaltyShot:10s | conf_pause=none   | old?=N | pens=[]
period=SecondHalf    | clock=  0s | score=B1/W0   | timeout=PenaltyShot:10s | conf_pause=none   | old?=N | pens=[]
period=SecondHalf    | clock=  0s | score=B1/W0   | timeout=PenaltyShot:9s | conf_pause=none   | old?=N | pens=[]
period=SecondHalf    | clock=  0s | score=B1/W0   | timeout=PenaltyShot:8s | conf_pause=none   | old?=N | pens=[]
period=SecondHalf    | clock=  0s | score=B1/W0   | timeout=none         | conf_pause=3s     | old?=N | pens=[]
period=BetweenGames  | clock= 10s | score=B1/W0   | timeout=none         | conf_pause=none   | old?=N | pens=[]
period=BetweenGames  | clock=  9s | score=B1/W0   | timeout=none         | conf_pause=none   | old?=N | pens=[]
period=BetweenGames  | clock=  8s | score=B1/W0   | timeout=none         | conf_pause=none   | old?=N | pens=[]
period=BetweenGames  | clock=  7s | score=B1/W0   | timeout=none         | conf_pause=none   | old?=N | pens=[]
period=BetweenGames  | clock=  6s | score=B1/W0   | timeout=none         | conf_pause=none   | old?=N | pens=[]
period=BetweenGames  | clock=  5s | score=B1/W0   | timeout=none         | conf_pause=none   | old?=N | pens=[]
period=BetweenGames  | clock=  4s | score=B1/W0   | timeout=none         | conf_pause=none   | old?=N | pens=[]
period=BetweenGames  | clock=  3s | score=B1/W0   | timeout=none         | conf_pause=none   | old?=N | pens=[]
period=BetweenGames  | clock=  2s | score=B1/W0   | timeout=none         | conf_pause=none   | old?=N | pens=[]
period=BetweenGames  | clock=  1s | score=B1/W0   | timeout=none         | conf_pause=none   | old?=N | pens=[]
period=BetweenGames  | clock=  0s | score=B1/W0   | timeout=none         | conf_pause=none   | old?=N | pens=[]
period=FirstHalf     | clock= 20s | score=B1/W0   | timeout=none         | conf_pause=none   | old?=Y | pens=[]
