period=FirstHalf     | clock= 20s | score=B0/W0   | timeout=none         | conf_pause=none   | old?=Y | pens=[]
period=FirstHalf     | clock= 19s | score=B0/W0   | timeout=none         | conf_pause=none   | old?=Y | pens=[]
period=FirstHalf     | clock= 18s | score=B0/W0   | timeout=none         | conf_pause=none   | old?=Y | pens=[]
period=FirstHalf     | clock= 18s | score=B1/W0   | timeout=none         | conf_pause=none   | old?=Y | pens=[]
period=FirstHalf     | clock= 17s | score=B1/W0   | timeout=none         | conf_pause=none   | old?=Y | pens=[]
period=FirstHalf     | clock= 16s | score=B1/W0   | timeout=none         | conf_pause=none   | old?=Y | pens=[]
period=FirstHalf     | clock= 15s | score=B1/W0   | timeout=none         | conf_pause=none   | old?=Y | pens=[]
period=SecondHalf    | clock= 12s | score=B0/W0   | timeout=none         | conf_pause=none   | old?=Y | pens=[]
period=SecondHalf    | clock= 11s | score=B0/W0   | timeout=none         | conf_pause=none   | old?=Y | pens=[]
period=SecondHalf    | clock= 10s | score=B0/W0   | timeout=none         | conf_pause=none   | old?=Y | pens=[]
period=SecondHalf    | clock=  9s | score=B0/W0   | timeout=none         | conf_pause=none   | old?=Y | pens=[]
period=SecondHalf    | clock=  8s | score=B0/W0   | timeout=none         | conf_pause=none   | old?=Y | pens=[]
period=SecondHalf    | clock=  7s | score=B0/W0   | timeout=none         | conf_pause=none   | old?=Y | pens=[]
period=SecondHalf    | clock=  6s | score=B0/W0   | timeout=none         | conf_pause=none   | old?=Y | pens=[]
period=SecondHalf    | clock=  5s | score=B0/W0   | timeout=none         | conf_pause=none   | old?=Y | pens=[]
period=SecondHalf    | clock=  4s | score=B0/W0   | timeout=none         | conf_pause=none   | old?=Y | pens=[]
period=SecondHalf    | clock=  3s | score=B0/W0   | timeout=none         | conf_pause=none   | old?=Y | pens=[]
period=SecondHalf    | clock=  2s | score=B0/W0   | timeout=none         | conf_pause=none   | old?=Y | pens=[]
period=SecondHalf    | clock=  1s | score=B0/W0   | timeout=none         | conf_pause=none   | old?=Y | pens=[]
period=SecondHalf    | clock=  0s | score=B0/W0   | timeout=none         | conf_pause=none   | old?=Y | pens=[]
period=SecondHalf    | clock=  0s | score=B0/W0   | timeout=none         | conf_pause=3s     | old?=Y | pens=[]
period=SecondHalf    | clock=  0s | score=B0/W0   | timeout=none         | conf_pause=2s     | old?=Y | pens=[]
period=SecondHalf    | clock=  0s | score=B0/W0   | timeout=none         | conf_pause=1s     | old?=Y | pens=[]
period=SecondHalf    | clock=  0s | score=B0/W0   | timeout=none         | conf_pause=0s     | old?=Y | pens=[]
period=BetweenGames  | clock=5740s | score=B0/W0   | timeout=none         | conf_pause=none   | old?=Y | pens=[]
period=BetweenGames  | clock=5739s | score=B0/W0   | timeout=none         | conf_pause=none   | old?=Y | pens=[]
period=BetweenGames  | clock=5738s | score=B0/W0   | timeout=none         | conf_pause=none   | old?=Y | pens=[]
period=BetweenGames  | clock=5738s | score=B0/W0   | timeout=none         | conf_pause=none   | old?=N | pens=[]
period=BetweenGames  | clock=5737s | score=B0/W0   | timeout=none         | conf_pause=none   | old?=N | pens=[]
period=BetweenGames  | clock=5736s | score=B0/W0   | timeout=none         | conf_pause=none   | old?=N | pens=[]
period=BetweenGames  | clock=5735s | score=B0/W0   | timeout=none         | conf_pause=none   | old?=N | pens=[]
period=BetweenGames  | clock=5734s | score=B0/W0   | timeout=none         | conf_pause=none   | old?=N | pens=[]
period=BetweenGames  | clock=5733s | score=B0/W0   | timeout=none         | conf_pause=none   | old?=N | pens=[]
period=BetweenGames  | clock=5732s | score=B0/W0   | timeout=none         | conf_pause=none   | old?=N | pens=[]
period=BetweenGames  | clock=5731s | score=B0/W0   | timeout=none         | conf_pause=none   | old?=N | pens=[]
period=BetweenGames  | clock=5730s | score=B0/W0   | timeout=none         | conf_pause=none   | old?=N | pens=[]
period=BetweenGames  | clock=5729s | score=B0/W0   | timeout=none         | conf_pause=none   | old?=N | pens=[]
period=BetweenGames  | clock=5728s | score=B0/W0   | timeout=none         | conf_pause=none   | old?=N | pens=[]
period=BetweenGames  | clock=5727s | score=B0/W0   | timeout=none         | conf_pause=none   | old?=N | pens=[]
period=BetweenGames  | clock=5726s | score=B0/W0   | timeout=none         | conf_pause=none   | old?=N | pens=[]
period=BetweenGames  | clock=5725s | score=B0/W0   | timeout=none         | conf_pause=none   | old?=N | pens=[]
period=BetweenGames  | clock=5724s | score=B0/W0   | timeout=none         | conf_pause=none   | old?=N | pens=[]
period=BetweenGames  | clock=5723s | score=B0/W0   | timeout=none         | conf_pause=none   | old?=N | pens=[]
period=BetweenGames  | clock=5722s | score=B0/W0   | timeout=none         | conf_pause=none   | old?=N | pens=[]
period=BetweenGames  | clock=5721s | score=B0/W0   | timeout=none         | conf_pause=none   | old?=N | pens=[]
period=BetweenGames  | clock=5720s | score=B0/W0   | timeout=none         | conf_pause=none   | old?=N | pens=[]
period=BetweenGames  | clock=5719s | score=B0/W0   | timeout=none         | conf_pause=none   | old?=N | pens=[]
period=BetweenGames  | clock=5718s | score=B0/W0   | timeout=none         | conf_pause=none   | old?=N | pens=[]
period=BetweenGames  | clock=5717s | score=B0/W0   | timeout=none         | conf_pause=none   | old?=N | pens=[]
period=BetweenGames  | clock=5716s | score=B0/W0   | timeout=none         | conf_pause=none   | old?=N | pens=[]
period=BetweenGames  | clock=5715s | score=B0/W0   | timeout=none         | conf_pause=none   | old?=N | pens=[]
